// Jest Snapshot v1, https://goo.gl/fbAQLP

exports[`App component renders App 1`] = `
<BrowserRouter>
  <div
    className="container"
  >
    <MobileNavHook />
    <Nav />
    <SplahPage />
    <Expertise />
    <Services />
    <Background />
    <Contact />
    <Footer />
  </div>
</BrowserRouter>
`;
