// Jest Snapshot v1, https://goo.gl/fbAQLP

exports[`ContactOption component renders a list of contact options from an array 1`] = `
<ul
  className="ul"
>
  <li
    className="li"
    key="0"
  >
    <p
      className="logo"
    >
      <FaEnvelopeOpenText
        size={32}
      />
    </p>
    <p>
      Virpi@studiotaimela.com
    </p>
  </li>
  <li
    className="li"
    key="1"
  >
    <p
      className="logo"
    >
      <FaMapMarked
        size={32}
      />
    </p>
    <p>
      <span>
        ZÃ¼rich
      </span>
      <span>
        Switzerland
      </span>
    </p>
  </li>
  <li
    className="li"
    key="2"
  >
    <p
      className="logo"
    >
      <FaPhone
        size={32}
      />
    </p>
    <p>
      <span>
        +41 77 979 9734
      </span>
      <span>
         +358 40 410 6428
      </span>
    </p>
  </li>
</ul>
`;
