// Jest Snapshot v1, https://goo.gl/fbAQLP

exports[`App component renders App 1`] = `
<BrowserRouter>
  <section
    className="container"
  >
    <Nav />
    <SplahPage />
    <ExpertisePage />
    <Services />
    <BackgroundPage />
    <ContactPage />
    <Footer />
  </section>
</BrowserRouter>
`;
